  Γû▓ Next.js 14.2.22
  - Environments: .env.local

   Creating an optimized production build ...
